30
1000 2
abaabbabaabbabaabbabaabbabaabbabaabbabaabbabaabbabaabbabaabbabaabbabaabbabaabbabaabbabaabbabaabbabaabbabaabbabaabbabaabbabaabbabaabbabaabbabaabbabaabbabaabbabaabbabaabbabaabbabaabbabaabbabaabbabaabbabaabbabaabbabaabbabaabbabaabbabaabbabaabbabaabbabaabbabaabbabaabbabaabbabaabbabaabbabaabbabaabbabaabbabaabbabaabbabaabbabaabbabaabbabaabbabaabbabaabbabaabbabaabbabaabbabaabbabaabbabaabbabaabbabaabbabaabbabaabbabaabbabaabbabaabbabaabbabaabbabaabbabaabbabaabbabaabbabaabbabaabbabaabbabaabbabaabbabaabbabaabbabaabbabaabbabaabbabaabbabaabbabaabbabaabbabaabbabaabbabaabbabaabbabaabbabaabbabaabbabaabbabaabbabaabbabaabbabaabbabaabbabaabbabaabbabaabbabaabbabaabbabaabbabaabbabaabbabaabbabaabbabaabbabaabbabaabbabaabbabaabbabaabbabaabbabaabbabaabbabaabbabaabbabaabbabaabbabaabbabaabbabaabbabaabbabaabbabaabbabaabbabaabbabaabbabaabbabaabbabaabbabaabbabaabbabaabbabaabbabaabbabaabbabaabbabaabbabaabbabaabbabaabbabaabbabaabbabaabbabaabbabaabbabaabbabaabbabaabbabaabbabaabbabaabbabaabbabaabbabaabbabaabbabaabbabaa
968 2
abaabbabaabbabaabbabaabbabaabbabaabbabaabbabaabbabaabbabaabbabaabbabaabbabaabbabaabbabaabbabaabbabaabbabaabbabaabbabaabbabaabbabaabbabaabbabaabbabaabbabaabbabaabbabaabbabaabbabaabbabaabbabaabbabaabbabaabbabaabbabaabbabaabbabaabbabaabbabaabbabaabbabaabbabaabbabaabbabaabbabaabbabaabbabaabbabaabbabaabbabaabbabaabbabaabbabaabbabaabbabaabbabaabbabaabbabaabbabaabbabaabbabaabbabaabbabaabbabaabbabaabbabaabbabaabbabaabbabaabbabaabbabaabbabaabbabaabbabaabbabaabbabaabbabaabbabaabbabaabbabaabbabaabbabaabbabaabbabaabbabaabbabaabbabaabbabaabbabaabbabaabbabaabbabaabbabaabbabaabbabaabbabaabbabaabbabaabbabaabbabaabbabaabbabaabbabaabbabaabbabaabbabaabbabaabbabaabbabaabbabaabbabaabbabaabbabaabbabaabbabaabbabaabbabaabbabaabbabaabbabaabbabaabbabaabbabaabbabaabbabaabbabaabbabaabbabaabbabaabbabaabbabaabbabaabbabaabbabaabbabaabbabaabbabaabbabaabbabaabbabaabbabaabbabaabbabaabbabaabbabaabbabaabbabaabbabaabbabaabbabaabbabaabbabaabbabaabbabaabbabaabbabaabbabaabbabaabbabaabbabaabbab
993 2
abaabbabaabbabaabbabaabbabaabbabaabbabaabbabaabbabaabbabaabbabaabbabaabbabaabbabaabbabaabbabaabbabaabbabaabbabaabbabaabbabaabbabaabbabaabbabaabbabaabbabaabbabaabbabaabbabaabbabaabbabaabbabaabbabaabbabaabbabaabbabaabbabaabbabaabbabaabbabaabbabaabbabaabbabaabbabaabbabaabbabaabbabaabbabaabbabaabbabaabbabaabbabaabbabaabbabaabbabaabbabaabbabaabbabaabbabaabbabaabbabaabbabaabbabaabbabaabbabaabbabaabbabaabbabaabbabaabbabaabbabaabbabaabbabaabbabaabbabaabbabaabbabaabbabaabbabaabbabaabbabaabbabaabbabaabbabaabbabaabbabaabbabaabbabaabbabaabbabaabbabaabbabaabbabaabbabaabbabaabbabaabbabaabbabaabbabaabbabaabbabaabbabaabbabaabbabaabbabaabbabaabbabaabbabaabbabaabbabaabbabaabbabaabbabaabbabaabbabaabbabaabbabaabbabaabbabaabbabaabbabaabbabaabbabaabbabaabbabaabbabaabbabaabbabaabbabaabbabaabbabaabbabaabbabaabbabaabbabaabbabaabbabaabbabaabbabaabbabaabbabaabbabaabbabaabbabaabbabaabbabaabbabaabbabaabbabaabbabaabbabaabbabaabbabaabbabaabbabaabbabaabbabaabbabaabbabaabbabaabbabaabbabaabbabaabbabaabbabaabbaba
11 21
abcabcabcab
64 2
abaabbabaabbabaabbabaabbabaabbabaabbabaabbabaabbabaabbabaabbabaa
2 4
ab
72 20
abcabcabcabcabcabcabcabcabcabcabcabcabcabcabcabcabcabcabcabcabcabcabcabc
38 20
abcabcabcabcabcabcabcabcabcabcabcabcab
12 11
abcabcabcabc
34 26
abcabcabcabcabcabcabcabcabcabcabca
37 18
abcabcabcabcabcabcabcabcabcabcabcabca
92 14
abcabcabcabcabcabcabcabcabcabcabcabcabcabcabcabcabcabcabcabcabcabcabcabcabcabcabcabcabcabcab
16 24
abcabcabcabcabca
53 12
abcabcabcabcabcabcabcabcabcabcabcabcabcabcabcabcabcab
56 3
abcabcabcabcabcabcabcabcabcabcabcabcabcabcabcabcabcabcab
57 17
abcabcabcabcabcabcabcabcabcabcabcabcabcabcabcabcabcabcabc
58 3
abcabcabcabcabcabcabcabcabcabcabcabcabcabcabcabcabcabcabca
11 2
abaabbabaab
68 2
abaabbabaabbabaabbabaabbabaabbabaabbabaabbabaabbabaabbabaabbabaabbab
47 26
abcabcabcabcabcabcabcabcabcabcabcabcabcabcabcab
102 9
abcabcabcabcabcabcabcabcabcabcabcabcabcabcabcabcabcabcabcabcabcabcabcabcabcabcabcabcabcabcabcabcabcabc
108 21
abcabcabcabcabcabcabcabcabcabcabcabcabcabcabcabcabcabcabcabcabcabcabcabcabcabcabcabcabcabcabcabcabcabcabcabc
67 11
abcabcabcabcabcabcabcabcabcabcabcabcabcabcabcabcabcabcabcabcabcabca
120 26
abcabcabcabcabcabcabcabcabcabcabcabcabcabcabcabcabcabcabcabcabcabcabcabcabcabcabcabcabcabcabcabcabcabcabcabcabcabcabcabc
36 9
abcabcabcabcabcabcabcabcabcabcabcabc
149 3
abcabcabcabcabcabcabcabcabcabcabcabcabcabcabcabcabcabcabcabcabcabcabcabcabcabcabcabcabcabcabcabcabcabcabcabcabcabcabcabcabcabcabcabcabcabcabcabcabcab
137 22
abcabcabcabcabcabcabcabcabcabcabcabcabcabcabcabcabcabcabcabcabcabcabcabcabcabcabcabcabcabcabcabcabcabcabcabcabcabcabcabcabcabcabcabcabcab
116 4
abcabcabcabcabcabcabcabcabcabcabcabcabcabcabcabcabcabcabcabcabcabcabcabcabcabcabcabcabcabcabcabcabcabcabcabcabcabcab
173 20
abcabcabcabcabcabcabcabcabcabcabcabcabcabcabcabcabcabcabcabcabcabcabcabcabcabcabcabcabcabcabcabcabcabcabcabcabcabcabcabcabcabcabcabcabcabcabcabcabcabcabcabcabcabcabcabcabcab
303 6
abcabcabcabcabcabcabcabcabcabcabcabcabcabcabcabcabcabcabcabcabcabcabcabcabcabcabcabcabcabcabcabcabcabcabcabcabcabcabcabcabcabcabcabcabcabcabcabcabcabcabcabcabcabcabcabcabcabcabcabcabcabcabcabcabcabcabcabcabcabcabcabcabcabcabcabcabcabcabcabcabcabcabcabcabcabcabcabcabcabcabcabcabcabcabcabcabcabcabcabcabc
