100
1000 2
abaabbabaabbabaabbabaabbabaabbabaabbabaabbabaabbabaabbabaabbabaabbabaabbabaabbabaabbabaabbabaabbabaabbabaabbabaabbabaabbabaabbabaabbabaabbabaabbabaabbabaabbabaabbabaabbabaabbabaabbabaabbabaabbabaabbabaabbabaabbabaabbabaabbabaabbabaabbabaabbabaabbabaabbabaabbabaabbabaabbabaabbabaabbabaabbabaabbabaabbabaabbabaabbabaabbabaabbabaabbabaabbabaabbabaabbabaabbabaabbabaabbabaabbabaabbabaabbabaabbabaabbabaabbabaabbabaabbabaabbabaabbabaabbabaabbabaabbabaabbabaabbabaabbabaabbabaabbabaabbabaabbabaabbabaabbabaabbabaabbabaabbabaabbabaabbabaabbabaabbabaabbabaabbabaabbabaabbabaabbabaabbabaabbabaabbabaabbabaabbabaabbabaabbabaabbabaabbabaabbabaabbabaabbabaabbabaabbabaabbabaabbabaabbabaabbabaabbabaabbabaabbabaabbabaabbabaabbabaabbabaabbabaabbabaabbabaabbabaabbabaabbabaabbabaabbabaabbabaabbabaabbabaabbabaabbabaabbabaabbabaabbabaabbabaabbabaabbabaabbabaabbabaabbabaabbabaabbabaabbabaabbabaabbabaabbabaabbabaabbabaabbabaabbabaabbabaabbabaabbabaabbabaabbabaabbabaabbabaabbabaabbabaabbabaabbabaabbabaabbabaabbabaa
308 2
abaabbabaabbabaabbabaabbabaabbabaabbabaabbabaabbabaabbabaabbabaabbabaabbabaabbabaabbabaabbabaabbabaabbabaabbabaabbabaabbabaabbabaabbabaabbabaabbabaabbabaabbabaabbabaabbabaabbabaabbabaabbabaabbabaabbabaabbabaabbabaabbabaabbabaabbabaabbabaabbabaabbabaabbabaabbabaabbabaabbabaabbabaabbabaabbabaabbabaabbabaabbab
513 2
abaabbabaabbabaabbabaabbabaabbabaabbabaabbabaabbabaabbabaabbabaabbabaabbabaabbabaabbabaabbabaabbabaabbabaabbabaabbabaabbabaabbabaabbabaabbabaabbabaabbabaabbabaabbabaabbabaabbabaabbabaabbabaabbabaabbabaabbabaabbabaabbabaabbabaabbabaabbabaabbabaabbabaabbabaabbabaabbabaabbabaabbabaabbabaabbabaabbabaabbabaabbabaabbabaabbabaabbabaabbabaabbabaabbabaabbabaabbabaabbabaabbabaabbabaabbabaabbabaabbabaabbabaabbabaabbabaabbabaabbabaabbabaabbabaabbabaabbabaabbabaabbabaabbabaabbabaabbabaabbabaabbabaabbabaabbabaabbabaabbaba
29 6
abcabcabcabcabcabcabcabcabcab
24 20
abcabcabcabcabcabcabcabc
25 24
abcabcabcabcabcabcabcabca
32 16
abcabcabcabcabcabcabcabcabcabcab
17 21
abcabcabcabcabcab
21 4
abcabcabcabcabcabcabc
20 10
abcabcabcabcabcabcab
3 20
abc
22 20
abcabcabcabcabcabcabca
28 23
abcabcabcabcabcabcabcabcabca
25 2
abaabbabaabbabaabbabaabba
31 22
abcabcabcabcabcabcabcabcabcabca
31 19
abcabcabcabcabcabcabcabcabcabca
3 21
abc
9 20
abcabcabc
11 10
abcabcabcab
11 8
abcabcabcab
6 23
abcabc
1 19
a
28 4
abcabcabcabcabcabcabcabcabca
22 19
abcabcabcabcabcabcabca
11 4
abcabcabcab
21 16
abcabcabcabcabcabcabc
37 12
abcabcabcabcabcabcabcabcabcabcabcabca
25 8
abcabcabcabcabcabcabcabca
29 11
abcabcabcabcabcabcabcabcabcab
36 19
abcabcabcabcabcabcabcabcabcabcabcabc
17 5
abcabcabcabcabcab
13 21
abcabcabcabca
24 12
abcabcabcabcabcabcabcabc
20 7
abcabcabcabcabcabcab
37 22
abcabcabcabcabcabcabcabcabcabcabcabca
3 18
abc
30 20
abcabcabcabcabcabcabcabcabcabc
39 23
abcabcabcabcabcabcabcabcabcabcabcabcabc
7 8
abcabca
20 19
abcabcabcabcabcabcab
10 11
abcabcabca
30 23
abcabcabcabcabcabcabcabcabcabc
3 2
aba
12 21
abcabcabcabc
32 9
abcabcabcabcabcabcabcabcabcabcab
30 14
abcabcabcabcabcabcabcabcabcabc
28 21
abcabcabcabcabcabcabcabcabca
1 17
a
12 17
abcabcabcabc
34 4
abcabcabcabcabcabcabcabcabcabcabca
17 23
abcabcabcabcabcab
33 23
abcabcabcabcabcabcabcabcabcabcabc
34 13
abcabcabcabcabcabcabcabcabcabcabca
2 15
ab
37 15
abcabcabcabcabcabcabcabcabcabcabcabca
22 11
abcabcabcabcabcabcabca
45 19
abcabcabcabcabcabcabcabcabcabcabcabcabcabcabc
27 13
abcabcabcabcabcabcabcabcabc
25 13
abcabcabcabcabcabcabcabca
43 18
abcabcabcabcabcabcabcabcabcabcabcabcabcabca
2 4
ab
22 4
abcabcabcabcabcabcabca
14 26
abcabcabcabcab
42 10
abcabcabcabcabcabcabcabcabcabcabcabcabcabc
36 15
abcabcabcabcabcabcabcabcabcabcabcabc
28 26
abcabcabcabcabcabcabcabcabca
13 15
abcabcabcabca
8 6
abcabcab
47 6
abcabcabcabcabcabcabcabcabcabcabcabcabcabcabcab
37 12
abcabcabcabcabcabcabcabcabcabcabcabca
3 25
abc
15 15
abcabcabcabcabc
39 12
abcabcabcabcabcabcabcabcabcabcabcabcabc
27 9
abcabcabcabcabcabcabcabcabc
44 13
abcabcabcabcabcabcabcabcabcabcabcabcabcabcab
22 21
abcabcabcabcabcabcabca
63 18
abcabcabcabcabcabcabcabcabcabcabcabcabcabcabcabcabcabcabcabcabc
28 17
abcabcabcabcabcabcabcabcabca
14 24
abcabcabcabcab
24 7
abcabcabcabcabcabcabcabc
30 25
abcabcabcabcabcabcabcabcabcabc
32 4
abcabcabcabcabcabcabcabcabcabcab
16 10
abcabcabcabcabca
76 25
abcabcabcabcabcabcabcabcabcabcabcabcabcabcabcabcabcabcabcabcabcabcabcabcabca
7 7
abcabca
41 18
abcabcabcabcabcabcabcabcabcabcabcabcabcab
41 7
abcabcabcabcabcabcabcabcabcabcabcabcabcab
51 19
abcabcabcabcabcabcabcabcabcabcabcabcabcabcabcabcabc
39 21
abcabcabcabcabcabcabcabcabcabcabcabcabc
11 21
abcabcabcab
14 17
abcabcabcabcab
8 2
abaabbab
106 22
abcabcabcabcabcabcabcabcabcabcabcabcabcabcabcabcabcabcabcabcabcabcabcabcabcabcabcabcabcabcabcabcabcabcabca
132 17
abcabcabcabcabcabcabcabcabcabcabcabcabcabcabcabcabcabcabcabcabcabcabcabcabcabcabcabcabcabcabcabcabcabcabcabcabcabcabcabcabcabcabcabc
59 25
abcabcabcabcabcabcabcabcabcabcabcabcabcabcabcabcabcabcabcab
33 7
abcabcabcabcabcabcabcabcabcabcabc
22 5
abcabcabcabcabcabcabca
186 25
abcabcabcabcabcabcabcabcabcabcabcabcabcabcabcabcabcabcabcabcabcabcabcabcabcabcabcabcabcabcabcabcabcabcabcabcabcabcabcabcabcabcabcabcabcabcabcabcabcabcabcabcabcabcabcabcabcabcabcabcabcabc
226 3
abcabcabcabcabcabcabcabcabcabcabcabcabcabcabcabcabcabcabcabcabcabcabcabcabcabcabcabcabcabcabcabcabcabcabcabcabcabcabcabcabcabcabcabcabcabcabcabcabcabcabcabcabcabcabcabcabcabcabcabcabcabcabcabcabcabcabcabcabcabcabcabcabcabcabca
276 26
abcabcabcabcabcabcabcabcabcabcabcabcabcabcabcabcabcabcabcabcabcabcabcabcabcabcabcabcabcabcabcabcabcabcabcabcabcabcabcabcabcabcabcabcabcabcabcabcabcabcabcabcabcabcabcabcabcabcabcabcabcabcabcabcabcabcabcabcabcabcabcabcabcabcabcabcabcabcabcabcabcabcabcabcabcabcabcabcabcabcabcabc
