97
1000 2
abaabbabaabbabaabbabaabbabaabbabaabbabaabbabaabbabaabbabaabbabaabbabaabbabaabbabaabbabaabbabaabbabaabbabaabbabaabbabaabbabaabbabaabbabaabbabaabbabaabbabaabbabaabbabaabbabaabbabaabbabaabbabaabbabaabbabaabbabaabbabaabbabaabbabaabbabaabbabaabbabaabbabaabbabaabbabaabbabaabbabaabbabaabbabaabbabaabbabaabbabaabbabaabbabaabbabaabbabaabbabaabbabaabbabaabbabaabbabaabbabaabbabaabbabaabbabaabbabaabbabaabbabaabbabaabbabaabbabaabbabaabbabaabbabaabbabaabbabaabbabaabbabaabbabaabbabaabbabaabbabaabbabaabbabaabbabaabbabaabbabaabbabaabbabaabbabaabbabaabbabaabbabaabbabaabbabaabbabaabbabaabbabaabbabaabbabaabbabaabbabaabbabaabbabaabbabaabbabaabbabaabbabaabbabaabbabaabbabaabbabaabbabaabbabaabbabaabbabaabbabaabbabaabbabaabbabaabbabaabbabaabbabaabbabaabbabaabbabaabbabaabbabaabbabaabbabaabbabaabbabaabbabaabbabaabbabaabbabaabbabaabbabaabbabaabbabaabbabaabbabaabbabaabbabaabbabaabbabaabbabaabbabaabbabaabbabaabbabaabbabaabbabaabbabaabbabaabbabaabbabaabbabaabbabaabbabaabbabaabbabaabbabaabbabaabbabaabbabaabbabaabbabaa
415 2
abaabbabaabbabaabbabaabbabaabbabaabbabaabbabaabbabaabbabaabbabaabbabaabbabaabbabaabbabaabbabaabbabaabbabaabbabaabbabaabbabaabbabaabbabaabbabaabbabaabbabaabbabaabbabaabbabaabbabaabbabaabbabaabbabaabbabaabbabaabbabaabbabaabbabaabbabaabbabaabbabaabbabaabbabaabbabaabbabaabbabaabbabaabbabaabbabaabbabaabbabaabbabaabbabaabbabaabbabaabbabaabbabaabbabaabbabaabbabaabbabaabbabaabbabaabbabaabbabaabbabaabbabaabbabaabbabaabba
281 2
abaabbabaabbabaabbabaabbabaabbabaabbabaabbabaabbabaabbabaabbabaabbabaabbabaabbabaabbabaabbabaabbabaabbabaabbabaabbabaabbabaabbabaabbabaabbabaabbabaabbabaabbabaabbabaabbabaabbabaabbabaabbabaabbabaabbabaabbabaabbabaabbabaabbabaabbabaabbabaabbabaabbabaabbabaabbabaabbabaabbabaabbabaab
27 3
abcabcabcabcabcabcabcabcabc
9 3
abcabcabc
15 14
abcabcabcabcabc
15 3
abcabcabcabcabc
30 21
abcabcabcabcabcabcabcabcabcabc
22 6
abcabcabcabcabcabcabca
11 6
abcabcabcab
27 12
abcabcabcabcabcabcabcabcabc
3 25
abc
37 26
abcabcabcabcabcabcabcabcabcabcabcabca
37 4
abcabcabcabcabcabcabcabcabcabcabcabca
35 26
abcabcabcabcabcabcabcabcabcabcabcab
9 3
abcabcabc
19 26
abcabcabcabcabcabca
18 4
abcabcabcabcabcabc
36 14
abcabcabcabcabcabcabcabcabcabcabcabc
8 25
abcabcab
3 7
abc
12 3
abcabcabcabc
4 2
abaa
14 17
abcabcabcabcab
20 19
abcabcabcabcabcabcab
10 26
abcabcabca
32 6
abcabcabcabcabcabcabcabcabcabcab
25 7
abcabcabcabcabcabcabcabca
11 4
abcabcabcab
38 8
abcabcabcabcabcabcabcabcabcabcabcabcab
32 3
abcabcabcabcabcabcabcabcabcabcab
14 4
abcabcabcabcab
30 24
abcabcabcabcabcabcabcabcabcabc
28 21
abcabcabcabcabcabcabcabcabca
14 25
abcabcabcabcab
15 22
abcabcabcabcabc
29 20
abcabcabcabcabcabcabcabcabcab
22 14
abcabcabcabcabcabcabca
37 14
abcabcabcabcabcabcabcabcabcabcabcabca
35 21
abcabcabcabcabcabcabcabcabcabcabcab
38 20
abcabcabcabcabcabcabcabcabcabcabcabcab
30 20
abcabcabcabcabcabcabcabcabcabc
5 4
abcab
24 8
abcabcabcabcabcabcabcabc
3 11
abc
46 5
abcabcabcabcabcabcabcabcabcabcabcabcabcabcabca
9 24
abcabcabc
29 14
abcabcabcabcabcabcabcabcabcab
3 3
abc
40 26
abcabcabcabcabcabcabcabcabcabcabcabcabca
34 24
abcabcabcabcabcabcabcabcabcabcabca
30 24
abcabcabcabcabcabcabcabcabcabc
12 15
abcabcabcabc
2 15
ab
41 18
abcabcabcabcabcabcabcabcabcabcabcabcabcab
28 8
abcabcabcabcabcabcabcabcabca
32 12
abcabcabcabcabcabcabcabcabcabcab
19 2
abaabbabaabbabaabba
34 4
abcabcabcabcabcabcabcabcabcabcabca
36 18
abcabcabcabcabcabcabcabcabcabcabcabc
32 9
abcabcabcabcabcabcabcabcabcabcab
1 21
a
29 15
abcabcabcabcabcabcabcabcabcab
24 5
abcabcabcabcabcabcabcabc
42 23
abcabcabcabcabcabcabcabcabcabcabcabcabcabc
51 9
abcabcabcabcabcabcabcabcabcabcabcabcabcabcabcabcabc
47 17
abcabcabcabcabcabcabcabcabcabcabcabcabcabcabcab
31 4
abcabcabcabcabcabcabcabcabcabca
22 17
abcabcabcabcabcabcabca
18 18
abcabcabcabcabcabc
3 24
abc
45 13
abcabcabcabcabcabcabcabcabcabcabcabcabcabcabc
26 17
abcabcabcabcabcabcabcabcab
65 26
abcabcabcabcabcabcabcabcabcabcabcabcabcabcabcabcabcabcabcabcabcab
15 14
abcabcabcabcabc
27 9
abcabcabcabcabcabcabcabcabc
29 23
abcabcabcabcabcabcabcabcabcab
1 15
a
5 20
abcab
47 2
abaabbabaabbabaabbabaabbabaabbabaabbabaabbabaab
57 4
abcabcabcabcabcabcabcabcabcabcabcabcabcabcabcabcabcabcabc
51 6
abcabcabcabcabcabcabcabcabcabcabcabcabcabcabcabcabc
43 26
abcabcabcabcabcabcabcabcabcabcabcabcabcabca
61 12
abcabcabcabcabcabcabcabcabcabcabcabcabcabcabcabcabcabcabcabca
72 16
abcabcabcabcabcabcabcabcabcabcabcabcabcabcabcabcabcabcabcabcabcabcabcabc
76 3
abcabcabcabcabcabcabcabcabcabcabcabcabcabcabcabcabcabcabcabcabcabcabcabcabca
94 9
abcabcabcabcabcabcabcabcabcabcabcabcabcabcabcabcabcabcabcabcabcabcabcabcabcabcabcabcabcabcabca
73 13
abcabcabcabcabcabcabcabcabcabcabcabcabcabcabcabcabcabcabcabcabcabcabcabca
9 5
abcabcabc
105 12
abcabcabcabcabcabcabcabcabcabcabcabcabcabcabcabcabcabcabcabcabcabcabcabcabcabcabcabcabcabcabcabcabcabcabc
88 6
abcabcabcabcabcabcabcabcabcabcabcabcabcabcabcabcabcabcabcabcabcabcabcabcabcabcabcabcabca
79 15
abcabcabcabcabcabcabcabcabcabcabcabcabcabcabcabcabcabcabcabcabcabcabcabcabcabca
53 18
abcabcabcabcabcabcabcabcabcabcabcabcabcabcabcabcabcab
97 25
abcabcabcabcabcabcabcabcabcabcabcabcabcabcabcabcabcabcabcabcabcabcabcabcabcabcabcabcabcabcabcabca
43 10
abcabcabcabcabcabcabcabcabcabcabcabcabcabca
12 5
abcabcabcabc
453 16
abcabcabcabcabcabcabcabcabcabcabcabcabcabcabcabcabcabcabcabcabcabcabcabcabcabcabcabcabcabcabcabcabcabcabcabcabcabcabcabcabcabcabcabcabcabcabcabcabcabcabcabcabcabcabcabcabcabcabcabcabcabcabcabcabcabcabcabcabcabcabcabcabcabcabcabcabcabcabcabcabcabcabcabcabcabcabcabcabcabcabcabcabcabcabcabcabcabcabcabcabcabcabcabcabcabcabcabcabcabcabcabcabcabcabcabcabcabcabcabcabcabcabcabcabcabcabcabcabcabcabcabcabcabcabcabcabcabcabcabcabcabcabcabcabcabcabcabcabcabcabc
